SQL> SET FEEDBACK ON
SQL> SET LINESIZE 300
SQL> SET PAGESIZE 300
SQL> 
SQL> -- Name   : Bryan Choo
SQL> -- UOW ID : 7060452
SQL> 
SQL> -- Task 1 --
SQL> 
SQL> 
SQL> -- Part 1
SQL> connect system/oracle
ERROR:
ORA-28002: the password will expire within 6 days

Connected.
SQL> 
SQL> select INSTANCE_NAME, HOST_NAME, STARTUP_TIME, DATABASE_STATUS from v$instance;

INSTANCE_NAME    HOST_NAME                                                        STARTUP_T DATABASE_STATUS  
---------------- ---------------------------------------------------------------- --------- -----------------
db               localhost.localdomain                                            15-JUL-22 ACTIVE           

1 row selected. 

SQL> 
SQL> -- Part 2
SQL> connect tpchr/oracle
Connected.
SQL> 
SQL> ---Analyze Table
SQL> analyze table lineitem compute statistics;

Table analyzed.

SQL> analyze table orders compute statistics;

Table analyzed.

SQL> analyze table customer compute statistics;

Table analyzed.

SQL> analyze table part compute statistics;

Table analyzed.

SQL> analyze table supplier compute statistics;

Table analyzed.

SQL> analyze table partsupp compute statistics;

Table analyzed.

SQL> analyze table nation compute statistics;

Table analyzed.

SQL> analyze table region compute statistics;

Table analyzed.

SQL> 
SQL> -- Part 3
SQL> connect sys/oracle as sysdba
Connected.
SQL> 
SQL> -- Part 3(i)
SQL> SELECT SYSTIMESTAMP FROM DUAL;

SYSTIMESTAMP
--------------------------------------
16-JUL-22 05.10.47.580095000 AM -04:00

1 row selected. 

SQL> 
SQL> -- Part 3(ii)
SQL> select 
  2  	ds.segment_name as table_name ,
  3  	ds.blocks as total_blocks, 
  4  	ds.bytes as total_bytes, 
  5  	ds.extents as total_extents,
  6  	ut.num_rows as total_rows
  7  from dba_segments ds
  8  left outer join user_tables ut 
  9  on ut.table_name = ds.segment_name
 10  where ds.owner = 'TPCHR' and ds.segment_type = 'TABLE';

TABLE_NAME                                                                                                                       TOTAL_BLOCKS TOTAL_BYTES TOTAL_EXTENTS TOTAL_ROWS
-------------------------------------------------------------------------------------------------------------------------------- ------------ ----------- ------------- ----------
REGION                                                                                                                                     32      262144             1           
NATION                                                                                                                                     32      262144             1           
PART                                                                                                                                     1088     8912896            34           
SUPPLIER                                                                                                                                   96      786432             3           
PARTSUPP                                                                                                                                 5024    41156608           157           
CUSTOMER                                                                                                                                 1056     8650752            33           
ORDERS                                                                                                                                   7296    59768832           228           
LINEITEM                                                                                                                                32576   266862592          1018           

8 rows selected. 

SQL> 
SQL> 
SQL> -- Part 3(iii)
SQL> select 
  2  	ds.segment_name as index_name ,
  3  	ds.blocks as total_blocks, 
  4  	ds.extents as total_extents,
  5  	ds.bytes as total_bytes
  6  from dba_segments ds
  7  where ds.owner = 'TPCHR' and ds.segment_type = 'INDEX';

INDEX_NAME                                                                                                                       TOTAL_BLOCKS TOTAL_EXTENTS TOTAL_BYTES
-------------------------------------------------------------------------------------------------------------------------------- ------------ ------------- -----------
REGION_PKEY                                                                                                                                32             1      262144
NATION_PKEY                                                                                                                                32             1      262144
PART_PEKEY                                                                                                                                160             5     1310720
SUPPLIER_PKEY                                                                                                                              32             1      262144
PARTSUPP_PKEY                                                                                                                             896            28     7340032
CUSTOMER_PKEY                                                                                                                             128             4     1048576
ORDERS_PKEY                                                                                                                               928            29     7602176
LINEITEM_PKEY                                                                                                                            4256           133    34865152

8 rows selected. 

SQL> 
SQL> 
SQL> SPOOL OFF
